// Jest Snapshot v1, https://goo.gl/fbAQLP

exports[`PokemonPage Page snapshot con opciones de pokemin 1`] = `
<div>
  <h1>Â¿Quien es este pokemon?</h1>
  <pokemon-image-stub pokemonid="1" showpokemon="false"></pokemon-image-stub>
  <pokemon-options-stub pokemons="[object Object],[object Object],[object Object],[object Object]"></pokemon-options-stub>
  <!--v-if-->
</div>
`;

exports[`PokemonPage Page snapshot inicial 1`] = `<h1>Espere un momento...</h1>`;
